// Jest Snapshot v1, https://goo.gl/fbAQLP

exports[`<Main /> it should render the heading 1`] = `
<main
  class="styles__Wrapper-sc-1fpvr54-0 hGwkLy"
>
  <img
    alt="logo description"
    class="styles__Logo-sc-1fpvr54-1 AnJam"
    src="/img/logo.svg"
  />
  <h1
    class="styles__Title-sc-1fpvr54-2 iXdAok"
  >
    Nextjs Boilerplate
  </h1>
  <h2
    class="styles__Description-sc-1fpvr54-3 bxIlLb"
  >
    TypeScript, ReactJS, NextJS and Styled Components
  </h2>
  <img
    alt="illustration description"
    class="styles__Illustration-sc-1fpvr54-4 fxtxQS"
    src="/img/hero-illustration.svg"
  />
</main>
`
